// Jest Snapshot v1, https://goo.gl/fbAQLP

exports[`hooks hook throws error when used without dispatcher 1`] = `"Express hooks should be used inside of express handlers or middlewares"`;
